[INFO] Scanning for projects...
[INFO] 
[INFO] ------------------< com.rulex:rulex-fraud-detection >-------------------
[INFO] Building RULEX - Fraud Detection System 1.0.0
[INFO]   from pom.xml
[INFO] --------------------------------[ jar ]---------------------------------
[INFO] 
[INFO] --- enforcer:3.5.0:enforce (enforce-java-21) @ rulex-fraud-detection ---
[INFO] Rule 0: org.apache.maven.enforcer.rules.version.RequireJavaVersion passed
[INFO] 
[INFO] --- resources:3.3.1:resources (default-resources) @ rulex-fraud-detection ---
[INFO] Copying 4 resources from src\main\resources to target\classes
[INFO] Copying 44 resources from src\main\resources to target\classes
[INFO] 
[INFO] --- compiler:3.11.0:compile (default-compile) @ rulex-fraud-detection ---
[INFO] Nothing to compile - all classes are up to date
[INFO] 
[INFO] --- resources:3.3.1:testResources (default-testResources) @ rulex-fraud-detection ---
[INFO] Copying 9 resources from src\test\resources to target\test-classes
[INFO] 
[INFO] --- compiler:3.11.0:testCompile (default-testCompile) @ rulex-fraud-detection ---
[INFO] Changes detected - recompiling the module! :source
[INFO] Compiling 32 source files with javac [debug release 21] to target\test-classes
[INFO] 
[INFO] --- surefire:3.5.4:test (default-test) @ rulex-fraud-detection ---
[INFO] Using auto detected provider org.apache.maven.surefire.junitplatform.JUnitPlatformProvider
[INFO] 
[INFO] -------------------------------------------------------
[INFO]  T E S T S
[INFO] -------------------------------------------------------
[INFO] Running com.rulex.architecture.HexagonalArchitectureTest
13:33:43.208 [main] INFO com.tngtech.archunit.core.PluginLoader -- Detected Java version 21.0.9
[ERROR] Tests run: 1, Failures: 1, Errors: 0, Skipped: 0, Time elapsed: 8.993 s <<< FAILURE! -- in com.rulex.architecture.HexagonalArchitectureTest
[ERROR] com.rulex.architecture.HexagonalArchitectureTest.layeredArchitectureShouldBeRespected -- Time elapsed: 1.021 s <<< FAILURE!
java.lang.AssertionError: 
Architecture Violation [Priority: MEDIUM] - Rule 'Layered architecture considering all dependencies, consisting of
layer 'Interfaces' ('..interfaces..', '..controller..')
layer 'Application' ('..application..', '..service..', '..usecase..', '..v31..')
layer 'Domain' ('..domain..')
layer 'Infrastructure' ('..infrastructure..', '..repository..', '..adapter..', '..config..')
where layer 'Interfaces' may not be accessed by any layer
where layer 'Application' may only be accessed by layers ['Interfaces', 'Infrastructure']
where layer 'Domain' may only be accessed by layers ['Application', 'Infrastructure']
where layer 'Infrastructure' may only be accessed by layers ['Interfaces', 'Application'], because Arquitetura hexagonal deve ser respeitada: fluxo unidirecional de dependÛncias' was violated (1 times):
Layer 'Domain' is empty
	at com.tngtech.archunit.lang.ArchRule$Assertions.assertNoViolation(ArchRule.java:94)
	at com.tngtech.archunit.lang.ArchRule$Assertions.check(ArchRule.java:86)
	at com.tngtech.archunit.library.Architectures$LayeredArchitecture.check(Architectures.java:347)
	at com.rulex.architecture.HexagonalArchitectureTest.layeredArchitectureShouldBeRespected(HexagonalArchitectureTest.java:197)
	at java.base/java.lang.reflect.Method.invoke(Method.java:580)
	at java.base/java.util.ArrayList.forEach(ArrayList.java:1596)
	at java.base/java.util.ArrayList.forEach(ArrayList.java:1596)

[INFO] 
[INFO] Results:
[INFO] 
[ERROR] Failures: 
[ERROR]   HexagonalArchitectureTest.layeredArchitectureShouldBeRespected:197 Architecture Violation [Priority: MEDIUM] - Rule 'Layered architecture considering all dependencies, consisting of
layer 'Interfaces' ('..interfaces..', '..controller..')
layer 'Application' ('..application..', '..service..', '..usecase..', '..v31..')
layer 'Domain' ('..domain..')
layer 'Infrastructure' ('..infrastructure..', '..repository..', '..adapter..', '..config..')
where layer 'Interfaces' may not be accessed by any layer
where layer 'Application' may only be accessed by layers ['Interfaces', 'Infrastructure']
where layer 'Domain' may only be accessed by layers ['Application', 'Infrastructure']
where layer 'Infrastructure' may only be accessed by layers ['Interfaces', 'Application'], because Arquitetura hexagonal deve ser respeitada: fluxo unidirecional de dependÛncias' was violated (1 times):
Layer 'Domain' is empty
[INFO] 
[ERROR] Tests run: 1, Failures: 1, Errors: 0, Skipped: 0
[INFO] 
[INFO] ------------------------------------------------------------------------
[INFO] BUILD FAILURE
[INFO] ------------------------------------------------------------------------
[INFO] Total time:  42.553 s
[INFO] Finished at: 2026-01-06T13:33:52-03:00
[INFO] ------------------------------------------------------------------------
[ERROR] Failed to execute goal org.apache.maven.plugins:maven-surefire-plugin:3.5.4:test (default-test) on project rulex-fraud-detection: There are test failures.
[ERROR] 
[ERROR] See C:\Users\davis\Workspace\RULEX\backend\target\surefire-reports for the individual test results.
[ERROR] See dump files (if any exist) [date].dump, [date]-jvmRun[N].dump and [date].dumpstream.
[ERROR] -> [Help 1]
[ERROR] 
[ERROR] To see the full stack trace of the errors, re-run Maven with the -e switch.
[ERROR] Re-run Maven using the -X switch to enable full debug logging.
[ERROR] 
[ERROR] For more information about the errors and possible solutions, please read the following articles:
[ERROR] [Help 1] http://cwiki.apache.org/confluence/display/MAVEN/MojoFailureException
